
> frontend@0.1.0 build
> next build

▲ Next.js 16.1.3 (Turbopack)

  Creating an optimized production build ...
